// Jest Snapshot v1, https://goo.gl/fbAQLP

exports[`return super heroes that can fly 1`] = `
Array [
  Object {
    "name": "Dynaguy",
    "powers": Array [
      "laser",
      "fly",
    ],
  },
]
`;
